// Jest Snapshot v1, https://goo.gl/fbAQLP

exports[`VisitFrequencyChart component render the chart matching snapshot 1`] = `
<svg
  class="recharts-surface"
  height="400"
  viewBox="0 0 800 400"
  width="800"
>
  <title />
  <desc />
  <defs>
    <clippath
      id="recharts1-clip"
    >
      <rect
        height="345"
        width="690"
        x="80"
        y="20"
      />
    </clippath>
  </defs>
  <g
    class="recharts-layer recharts-reference-line"
  >
    <line
      class="recharts-reference-line-line"
      fill="none"
      fill-opacity="1"
      stroke="#E5F1FF"
      stroke-opacity="0.3"
      stroke-width="60"
      x="daily"
      x1="166.25"
      x2="166.25"
      y1="365"
      y2="20"
    />
  </g>
  <g
    class="recharts-layer recharts-reference-line"
  >
    <line
      class="recharts-reference-line-line"
      fill="none"
      fill-opacity="1"
      stroke="#E5F1FF"
      stroke-opacity="0.3"
      stroke-width="60"
      x="weekly"
      x1="338.75"
      x2="338.75"
      y1="365"
      y2="20"
    />
  </g>
  <g
    class="recharts-layer recharts-reference-line"
  >
    <line
      class="recharts-reference-line-line"
      fill="none"
      fill-opacity="1"
      stroke="#E5F1FF"
      stroke-opacity="0.3"
      stroke-width="60"
      x="biweekly"
      x1="511.25"
      x2="511.25"
      y1="365"
      y2="20"
    />
  </g>
  <g
    class="recharts-layer recharts-reference-line"
  >
    <line
      class="recharts-reference-line-line"
      fill="none"
      fill-opacity="1"
      stroke="#E5F1FF"
      stroke-opacity="0.3"
      stroke-width="60"
      x="monthly"
      x1="683.75"
      x2="683.75"
      y1="365"
      y2="20"
    />
  </g>
  <g
    class="recharts-cartesian-grid"
  >
    <g
      class="recharts-cartesian-grid-horizontal"
    >
      <line
        fill="none"
        height="345"
        offset="[object Object]"
        stroke="#ccc"
        stroke-dasharray="5 5"
        width="690"
        x="80"
        x1="80"
        x2="770"
        y="20"
        y1="365"
        y2="365"
      />
      <line
        fill="none"
        height="345"
        offset="[object Object]"
        stroke="#ccc"
        stroke-dasharray="5 5"
        width="690"
        x="80"
        x1="80"
        x2="770"
        y="20"
        y1="278.75"
        y2="278.75"
      />
      <line
        fill="none"
        height="345"
        offset="[object Object]"
        stroke="#ccc"
        stroke-dasharray="5 5"
        width="690"
        x="80"
        x1="80"
        x2="770"
        y="20"
        y1="192.5"
        y2="192.5"
      />
      <line
        fill="none"
        height="345"
        offset="[object Object]"
        stroke="#ccc"
        stroke-dasharray="5 5"
        width="690"
        x="80"
        x1="80"
        x2="770"
        y="20"
        y1="106.25"
        y2="106.25"
      />
      <line
        fill="none"
        height="345"
        offset="[object Object]"
        stroke="#ccc"
        stroke-dasharray="5 5"
        width="690"
        x="80"
        x1="80"
        x2="770"
        y="20"
        y1="20"
        y2="20"
      />
    </g>
    <g
      class="recharts-cartesian-grid-vertical"
    >
      <line
        stroke="none"
        x1="166.25"
        x2="166.25"
        y1="20"
        y2="365"
      />
      <line
        stroke="none"
        x1="338.75"
        x2="338.75"
        y1="20"
        y2="365"
      />
      <line
        stroke="none"
        x1="511.25"
        x2="511.25"
        y1="20"
        y2="365"
      />
      <line
        stroke="none"
        x1="683.75"
        x2="683.75"
        y1="20"
        y2="365"
      />
      <line
        stroke="none"
        x1="80"
        x2="80"
        y1="20"
        y2="365"
      />
      <line
        stroke="none"
        x1="770"
        x2="770"
        y1="20"
        y2="365"
      />
    </g>
  </g>
  <g
    class="recharts-layer recharts-bar"
  >
    <g
      class="recharts-layer recharts-bar-rectangles"
    >
      <g
        class="recharts-layer"
      >
        <g
          class="recharts-layer recharts-bar-rectangle"
        />
        <g
          class="recharts-layer recharts-bar-rectangle"
        />
        <g
          class="recharts-layer recharts-bar-rectangle"
        />
        <g
          class="recharts-layer recharts-bar-rectangle"
        />
      </g>
    </g>
  </g>
  <g
    class="recharts-layer recharts-cartesian-axis recharts-xAxis xAxis"
  >
    <line
      class="recharts-cartesian-axis-line"
      fill="none"
      height="30"
      orientation="bottom"
      stroke="#666"
      width="690"
      x="80"
      x1="80"
      x2="770"
      y="365"
      y1="365"
      y2="365"
    />
    <g
      class="recharts-cartesian-axis-ticks"
    >
      <g
        class="recharts-layer recharts-cartesian-axis-tick"
      >
        <line
          class="recharts-cartesian-axis-tick-line"
          fill="none"
          height="30"
          orientation="bottom"
          stroke="#666"
          width="690"
          x="80"
          x1="166.25"
          x2="166.25"
          y="365"
          y1="371"
          y2="365"
        />
        <text
          class="recharts-text recharts-cartesian-axis-tick-value"
          fill="#666"
          height="30"
          orientation="bottom"
          stroke="none"
          text-anchor="middle"
          width="690"
          x="166.25"
          y="373"
        >
          <tspan
            dy="0.71em"
            x="166.25"
          >
            daily
          </tspan>
        </text>
      </g>
      <g
        class="recharts-layer recharts-cartesian-axis-tick"
      >
        <line
          class="recharts-cartesian-axis-tick-line"
          fill="none"
          height="30"
          orientation="bottom"
          stroke="#666"
          width="690"
          x="80"
          x1="338.75"
          x2="338.75"
          y="365"
          y1="371"
          y2="365"
        />
        <text
          class="recharts-text recharts-cartesian-axis-tick-value"
          fill="#666"
          height="30"
          orientation="bottom"
          stroke="none"
          text-anchor="middle"
          width="690"
          x="338.75"
          y="373"
        >
          <tspan
            dy="0.71em"
            x="338.75"
          >
            weekly
          </tspan>
        </text>
      </g>
      <g
        class="recharts-layer recharts-cartesian-axis-tick"
      >
        <line
          class="recharts-cartesian-axis-tick-line"
          fill="none"
          height="30"
          orientation="bottom"
          stroke="#666"
          width="690"
          x="80"
          x1="511.25"
          x2="511.25"
          y="365"
          y1="371"
          y2="365"
        />
        <text
          class="recharts-text recharts-cartesian-axis-tick-value"
          fill="#666"
          height="30"
          orientation="bottom"
          stroke="none"
          text-anchor="middle"
          width="690"
          x="511.25"
          y="373"
        >
          <tspan
            dy="0.71em"
            x="511.25"
          >
            biweekly
          </tspan>
        </text>
      </g>
      <g
        class="recharts-layer recharts-cartesian-axis-tick"
      >
        <line
          class="recharts-cartesian-axis-tick-line"
          fill="none"
          height="30"
          orientation="bottom"
          stroke="#666"
          width="690"
          x="80"
          x1="683.75"
          x2="683.75"
          y="365"
          y1="371"
          y2="365"
        />
        <text
          class="recharts-text recharts-cartesian-axis-tick-value"
          fill="#666"
          height="30"
          orientation="bottom"
          stroke="none"
          text-anchor="middle"
          width="690"
          x="683.75"
          y="373"
        >
          <tspan
            dy="0.71em"
            x="683.75"
          >
            monthly
          </tspan>
        </text>
      </g>
    </g>
  </g>
  <g
    class="recharts-layer recharts-cartesian-axis recharts-yAxis yAxis"
  >
    <line
      class="recharts-cartesian-axis-line"
      fill="none"
      height="345"
      orientation="left"
      stroke="#666"
      width="60"
      x="20"
      x1="80"
      x2="80"
      y="20"
      y1="20"
      y2="365"
    />
    <g
      class="recharts-cartesian-axis-ticks"
    >
      <g
        class="recharts-layer recharts-cartesian-axis-tick"
      >
        <line
          class="recharts-cartesian-axis-tick-line"
          fill="none"
          height="345"
          orientation="left"
          stroke="#666"
          width="60"
          x="20"
          x1="74"
          x2="80"
          y="20"
          y1="365"
          y2="365"
        />
        <text
          class="recharts-text recharts-cartesian-axis-tick-value"
          fill="#666"
          height="345"
          orientation="left"
          stroke="none"
          text-anchor="end"
          width="60"
          x="72"
          y="365"
        >
          <tspan
            dy="0.355em"
            x="72"
          >
            0
          </tspan>
        </text>
      </g>
      <g
        class="recharts-layer recharts-cartesian-axis-tick"
      >
        <line
          class="recharts-cartesian-axis-tick-line"
          fill="none"
          height="345"
          orientation="left"
          stroke="#666"
          width="60"
          x="20"
          x1="74"
          x2="80"
          y="20"
          y1="278.75"
          y2="278.75"
        />
        <text
          class="recharts-text recharts-cartesian-axis-tick-value"
          fill="#666"
          height="345"
          orientation="left"
          stroke="none"
          text-anchor="end"
          width="60"
          x="72"
          y="278.75"
        >
          <tspan
            dy="0.355em"
            x="72"
          >
            80
          </tspan>
        </text>
      </g>
      <g
        class="recharts-layer recharts-cartesian-axis-tick"
      >
        <line
          class="recharts-cartesian-axis-tick-line"
          fill="none"
          height="345"
          orientation="left"
          stroke="#666"
          width="60"
          x="20"
          x1="74"
          x2="80"
          y="20"
          y1="192.5"
          y2="192.5"
        />
        <text
          class="recharts-text recharts-cartesian-axis-tick-value"
          fill="#666"
          height="345"
          orientation="left"
          stroke="none"
          text-anchor="end"
          width="60"
          x="72"
          y="192.5"
        >
          <tspan
            dy="0.355em"
            x="72"
          >
            160
          </tspan>
        </text>
      </g>
      <g
        class="recharts-layer recharts-cartesian-axis-tick"
      >
        <line
          class="recharts-cartesian-axis-tick-line"
          fill="none"
          height="345"
          orientation="left"
          stroke="#666"
          width="60"
          x="20"
          x1="74"
          x2="80"
          y="20"
          y1="106.25"
          y2="106.25"
        />
        <text
          class="recharts-text recharts-cartesian-axis-tick-value"
          fill="#666"
          height="345"
          orientation="left"
          stroke="none"
          text-anchor="end"
          width="60"
          x="72"
          y="106.25"
        >
          <tspan
            dy="0.355em"
            x="72"
          >
            240
          </tspan>
        </text>
      </g>
      <g
        class="recharts-layer recharts-cartesian-axis-tick"
      >
        <line
          class="recharts-cartesian-axis-tick-line"
          fill="none"
          height="345"
          orientation="left"
          stroke="#666"
          width="60"
          x="20"
          x1="74"
          x2="80"
          y="20"
          y1="20"
          y2="20"
        />
        <text
          class="recharts-text recharts-cartesian-axis-tick-value"
          fill="#666"
          height="345"
          orientation="left"
          stroke="none"
          text-anchor="end"
          width="60"
          x="72"
          y="20"
        >
          <tspan
            dy="0.355em"
            x="72"
          >
            320
          </tspan>
        </text>
      </g>
    </g>
  </g>
</svg>
`;
