// Jest Snapshot v1, https://goo.gl/fbAQLP

exports[`MetricBaseCard renders component 1`] = `
<div>
  <div
    class="card card-root analytics-metrics-card"
    style="min-height: 605px;"
  >
    <div
      class="card-header align-items-center d-flex justify-content-between"
    >
      <div>
        <div
          class="card-title"
        >
          Visitors Behavior
        </div>
        <span
          class="text-4 text-secondary"
        />
      </div>
      <div
        class="d-flex"
      >
        <span
          aria-hidden="true"
          class="loading-root loading-animation"
        />
      </div>
    </div>
    <div
      class="card-body analytics-metrics"
    >
      <div
        data-testid="MetricTabs"
      />
      <div
        data-testid="MetricChart"
      />
    </div>
  </div>
</div>
`;
