// Jest Snapshot v1, https://goo.gl/fbAQLP

exports[`ConfigureWorkspace renders 1`] = `
<div>
  <form
    class="form-root"
  >
    <div
      class="modal-header"
    >
      <button
        aria-label="Close"
        class="button-root close btn btn-secondary"
        type="button"
      >
        <svg
          class="lexicon-icon lexicon-icon-times icon-root"
          role="presentation"
        >
          <use
            href="#times"
          />
        </svg>
      </button>
    </div>
    <div
      class="modal-body"
    >
      <div
        class="text-center"
      >
        <svg
          class="lexicon-icon lexicon-icon-analytics_onboarding_welcome icon-root"
          role="presentation"
          style="font-size: 10rem;"
        >
          <use
            href="#analytics_onboarding_welcome"
          />
        </svg>
      </div>
      <div
        class="text-center mb-4"
      >
        <span
          class="text-10 font-weight-bold"
        >
          Configure Your Workspace Access
        </span>
      </div>
      <div
        class="form-group"
      >
        <div>
          <span
            class="text-6 font-weight-semi-bold"
          >
            Set a Friendly Workspace URL
          </span>
        </div>
        <span
          class="text-3 text-secondary"
        >
          Define a friendly URL that others can use to access and share this workspace. This value cannot be changed after it is set.
        </span>
        <div
          class="mb-1"
        >
          <span
            class="text-3 text-secondary"
          >
            e.g. 
            <span>
              http://localhost:3000
            </span>
            <strong>
              /workspace-name
            </strong>
            .
          </span>
        </div>
        <div
          class=""
        >
          <div
            class="input-group"
          >
            <div
              class="input-group-item input-group-item-shrink input-group-prepend"
            >
              <div
                class="input-group-text"
              >
                /
              </div>
            </div>
            <div
              class="input-group-item input-group-append"
            >
              <input
                class="input-root form-control"
                data-testid="friendly-url-input"
                id="friendlyURL"
                name="friendlyURL"
                type="text"
                value=""
              />
            </div>
          </div>
        </div>
      </div>
      <div
        class="form-group mb-0"
      >
        <div>
          <span
            class="text-6 font-weight-semi-bold"
          >
            Allowed Email Domains
          </span>
        </div>
        <span
          class="text-3 text-secondary"
        >
          Define which email domains can request access to this workspace.
        </span>
        <div
          class="mb-1"
        >
          <span
            class="text-3 text-secondary"
          >
            e.g. 
            <span>
              user.name@
            </span>
            <strong>
              company-domain.com
            </strong>
            .
          </span>
        </div>
        <div
          class=""
        >
          <div
            class="input-group"
          >
            <div
              class="input-group"
            >
              <div
                class="input-group-item input-group-item-shrink input-group-prepend"
              >
                <div
                  class="input-group-text"
                >
                  @
                </div>
              </div>
              <div
                class="input-group-item input-group-append"
              >
                <div
                  class="input-group-item input-list-root"
                >
                  <div
                    class="form-control form-control-tag-group"
                  >
                    <div
                      class="label label-root label-secondary label-dismissible"
                    >
                      <span
                        class="label-item"
                      >
                        liferay.com
                      </span>
                      <span
                        class="label-item label-item-after"
                      >
                        <button
                          aria-label="Close"
                          class="button-root close btn btn-secondary"
                          type="button"
                        >
                          <svg
                            class="lexicon-icon lexicon-icon-times icon-root"
                            role="presentation"
                          >
                            <use
                              href="#times"
                            />
                          </svg>
                        </button>
                      </span>
                    </div>
                    <input
                      class="form-control-inset"
                      placeholder=""
                      type="text"
                      value=""
                    />
                  </div>
                </div>
              </div>
            </div>
          </div>
        </div>
      </div>
    </div>
    <div
      class="modal-footer"
    >
      <button
        class="button-root ml-2 btn btn-primary"
        type="submit"
      >
        Next
      </button>
    </div>
  </form>
</div>
`;
