// Jest Snapshot v1, https://goo.gl/fbAQLP

exports[`EmptyDropZone should render 1`] = `
<div>
  <div
    class="empty-drop-zone-root"
  >
    <div
      class="empty-drop-zone-target"
    >
      <div
        class="empty-drop-zone-indicator"
      />
      <div
        class="empty-drop-zone-message"
      >
        <div>
          <svg
            class="lexicon-icon lexicon-icon-ac_rule icon-root icon-size-md mr-3"
            role="presentation"
          >
            <use
              href="#ac_rule"
            />
          </svg>
          <span
            class="text-4"
          >
            Drag and drop criterion from the right to add rules.
          </span>
        </div>
        <div>
          <svg
            class="lexicon-icon lexicon-icon-ac_group icon-root icon-size-md mr-3"
            role="presentation"
          >
            <use
              href="#ac_group"
            />
          </svg>
          <span
            class="text-4"
          >
            Drag and drop over an existing criteria to form groups.
          </span>
        </div>
      </div>
    </div>
  </div>
</div>
`;
