// Jest Snapshot v1, https://goo.gl/fbAQLP

exports[`ContextualInformation should render the snapshot 1`] = `
<div>
  <div
    class="mb-3"
  >
    <span
      class="mr-2"
    >
      <span
        class="text-4 text-secondary"
      >
        <svg
          class="lexicon-icon lexicon-icon-sites"
          role="presentation"
        >
          <use
            href="#sites"
          />
        </svg>
      </span>
    </span>
    <span
      class="text-4 text-secondary font-weight-semi-bold"
    >
      CONTEXTUAL INFORMATION
    </span>
  </div>
  <div
    class="general-info mb-4"
  >
    <div
      class="row g-3"
    >
      <div
        class="col-6"
      >
        <div
          class="card card-root h-100 p-2"
        >
          <div
            class="card-title pt-2 px-2 text-uppercase"
          >
            <span
              class="text-4"
            >
              Last Session Device
            </span>
          </div>
          <div
            class="card-body pb-0 px-2"
          >
            <div
              class="g-2 row"
            >
              <div
                class="col-6 align-items-start d-flex mb-2"
              >
                <span
                  class="sticker flex-shrink-0 mr-3 sticker-unstyled sticker-lg"
                >
                  <span
                    class="sticker-overlay"
                  >
                    <svg
                      class="lexicon-icon lexicon-icon-mobile-devices text-secondary"
                      role="presentation"
                    >
                      <use
                        href="#mobile-devices"
                      />
                    </svg>
                  </span>
                </span>
                <div
                  class="d-flex flex-column mt-1"
                >
                  <span
                    class="text-3 text-secondary"
                  >
                    Device Type
                  </span>
                  <span
                    class="font-weight-semi-bold text-break text-dark"
                    style="word-break: break-all;"
                  >
                    Desktop
                  </span>
                </div>
              </div>
              <div
                class="col-6 align-items-start d-flex mb-2"
              >
                <span
                  class="sticker flex-shrink-0 mr-3 sticker-unstyled sticker-lg"
                >
                  <span
                    class="sticker-overlay"
                  />
                </span>
                <div
                  class="d-flex flex-column mt-1"
                >
                  <span
                    class="text-3 text-secondary"
                  >
                    Screen Height
                  </span>
                  <span
                    class="font-weight-semi-bold text-break text-dark"
                    style="word-break: break-all;"
                  >
                    -
                  </span>
                </div>
              </div>
              <div
                class="col-6 align-items-start d-flex mb-2"
              >
                <span
                  class="sticker flex-shrink-0 mr-3 sticker-unstyled sticker-lg"
                >
                  <span
                    class="sticker-overlay"
                  />
                </span>
                <div
                  class="d-flex flex-column mt-1"
                >
                  <span
                    class="text-3 text-secondary"
                  >
                    Operating System
                  </span>
                  <span
                    class="font-weight-semi-bold text-break text-dark"
                    style="word-break: break-all;"
                  >
                    -
                  </span>
                </div>
              </div>
              <div
                class="col-6 align-items-start d-flex mb-2"
              >
                <span
                  class="sticker flex-shrink-0 mr-3 sticker-unstyled sticker-lg"
                >
                  <span
                    class="sticker-overlay"
                  />
                </span>
                <div
                  class="d-flex flex-column mt-1"
                >
                  <span
                    class="text-3 text-secondary"
                  >
                    Screen Width
                  </span>
                  <span
                    class="font-weight-semi-bold text-break text-dark"
                    style="word-break: break-all;"
                  >
                    -
                  </span>
                </div>
              </div>
              <div
                class="col-6 align-items-start d-flex mb-2"
              >
                <span
                  class="sticker flex-shrink-0 mr-3 sticker-unstyled sticker-lg"
                >
                  <span
                    class="sticker-overlay"
                  />
                </span>
                <div
                  class="d-flex flex-column mt-1"
                >
                  <span
                    class="text-3 text-secondary"
                  >
                    Browser
                  </span>
                  <span
                    class="font-weight-semi-bold text-break text-dark"
                    style="word-break: break-all;"
                  >
                    Chrome
                  </span>
                </div>
              </div>
              <div
                class="col-6 align-items-start d-flex mb-2"
              >
                <span
                  class="sticker flex-shrink-0 mr-3 sticker-unstyled sticker-lg"
                >
                  <span
                    class="sticker-overlay"
                  />
                </span>
                <div
                  class="d-flex flex-column mt-1"
                >
                  <span
                    class="text-3 text-secondary"
                  >
                    Device Pixel Ratio
                  </span>
                  <span
                    class="font-weight-semi-bold text-break text-dark"
                    style="word-break: break-all;"
                  >
                    -
                  </span>
                </div>
              </div>
              <div
                class="col-12 align-items-start d-flex mb-2"
              >
                <span
                  class="sticker flex-shrink-0 mr-3 sticker-unstyled sticker-lg"
                >
                  <span
                    class="sticker-overlay"
                  >
                    <svg
                      class="lexicon-icon lexicon-icon-tabs text-secondary"
                      role="presentation"
                    >
                      <use
                        href="#tabs"
                      />
                    </svg>
                  </span>
                </span>
                <div
                  class="d-flex flex-column mt-1"
                >
                  <span
                    class="text-3 text-secondary"
                  >
                    User Agent
                  </span>
                  <span
                    class="font-weight-semi-bold text-break text-dark"
                    style="word-break: break-all;"
                  >
                    -
                  </span>
                </div>
              </div>
            </div>
          </div>
        </div>
      </div>
      <div
        class="col-3"
      >
        <div
          class="card card-root h-100 p-2"
        >
          <div
            class="card-title pt-2 px-2 text-uppercase"
          >
            <span
              class="text-4"
            >
              Last Session Location
            </span>
          </div>
          <div
            class="card-body pb-0 px-2"
          >
            <div
              class="g-2 row"
            >
              <div
                class="col-12 align-items-start d-flex mb-2"
              >
                <span
                  class="sticker flex-shrink-0 mr-3 sticker-unstyled sticker-lg"
                >
                  <span
                    class="sticker-overlay"
                  >
                    <svg
                      class="lexicon-icon lexicon-icon-globe-pin text-secondary"
                      role="presentation"
                    >
                      <use
                        href="#globe-pin"
                      />
                    </svg>
                  </span>
                </span>
                <div
                  class="d-flex flex-column mt-1"
                >
                  <span
                    class="text-3 text-secondary"
                  >
                    Country
                  </span>
                  <span
                    class="font-weight-semi-bold text-break text-dark"
                    style="word-break: break-all;"
                  >
                    Australia
                  </span>
                </div>
              </div>
              <div
                class="col-12 align-items-start d-flex mb-2"
              >
                <span
                  class="sticker flex-shrink-0 mr-3 sticker-unstyled sticker-lg"
                >
                  <span
                    class="sticker-overlay"
                  />
                </span>
                <div
                  class="d-flex flex-column mt-1"
                >
                  <span
                    class="text-3 text-secondary"
                  >
                    City
                  </span>
                  <span
                    class="font-weight-semi-bold text-break text-dark"
                    style="word-break: break-all;"
                  >
                    Sidney
                  </span>
                </div>
              </div>
              <div
                class="col-12 align-items-start d-flex mb-2"
              >
                <span
                  class="sticker flex-shrink-0 mr-3 sticker-unstyled sticker-lg"
                >
                  <span
                    class="sticker-overlay"
                  />
                </span>
                <div
                  class="d-flex flex-column mt-1"
                >
                  <span
                    class="text-3 text-secondary"
                  >
                    Language
                  </span>
                  <span
                    class="font-weight-semi-bold text-break text-dark"
                    style="word-break: break-all;"
                  >
                    -
                  </span>
                </div>
              </div>
              <div
                class="col-12 align-items-start d-flex mb-2"
              >
                <span
                  class="sticker flex-shrink-0 mr-3 sticker-unstyled sticker-lg"
                >
                  <span
                    class="sticker-overlay"
                  />
                </span>
                <div
                  class="d-flex flex-column mt-1"
                >
                  <span
                    class="text-3 text-secondary"
                  >
                    Time Zone
                  </span>
                  <span
                    class="font-weight-semi-bold text-break text-dark"
                    style="word-break: break-all;"
                  >
                    UTC -03:00 (AEST)
                  </span>
                </div>
              </div>
            </div>
          </div>
        </div>
      </div>
      <div
        class="col-3"
      >
        <div
          class="card card-root h-100 p-2"
        >
          <div
            class="card-title pt-2 px-2 text-uppercase"
          >
            <span
              class="text-4"
            >
              Individual Unique Identifiers
            </span>
          </div>
          <div
            class="card-body pb-0 px-2"
          >
            <div
              class="g-2 row"
            >
              <div
                class="col-12 align-items-start d-flex mb-2"
              >
                <span
                  class="sticker flex-shrink-0 mr-3 sticker-unstyled sticker-lg"
                >
                  <span
                    class="sticker-overlay"
                  >
                    <svg
                      class="lexicon-icon lexicon-icon-lock text-secondary"
                      role="presentation"
                    >
                      <use
                        href="#lock"
                      />
                    </svg>
                  </span>
                </span>
                <div
                  class="d-flex flex-column mt-1"
                >
                  <span
                    class="text-3 text-secondary"
                  >
                    Email
                  </span>
                  <span
                    class="font-weight-semi-bold text-break text-dark"
                    style="word-break: break-all;"
                  >
                    test@example.com
                  </span>
                </div>
              </div>
              <div
                class="col-12 align-items-start d-flex mb-2"
              >
                <span
                  class="sticker flex-shrink-0 mr-3 sticker-unstyled sticker-lg"
                >
                  <span
                    class="sticker-overlay"
                  />
                </span>
                <div
                  class="d-flex flex-column mt-1"
                >
                  <span
                    class="text-3 text-secondary"
                  >
                    UUID
                  </span>
                  <span
                    class="font-weight-semi-bold text-break text-dark"
                    style="word-break: break-all;"
                  >
                    12345
                  </span>
                </div>
              </div>
              <div
                class="col-12 align-items-start d-flex mb-2"
              >
                <span
                  class="sticker flex-shrink-0 mr-3 sticker-unstyled sticker-lg"
                >
                  <span
                    class="sticker-overlay"
                  />
                </span>
                <div
                  class="d-flex flex-column mt-1"
                >
                  <span
                    class="text-3 text-secondary"
                  >
                    userId
                  </span>
                  <span
                    class="font-weight-semi-bold text-break text-dark"
                    style="word-break: break-all;"
                  >
                    123456
                  </span>
                </div>
              </div>
              <div
                class="col-12 align-items-start d-flex mb-2"
              >
                <span
                  class="sticker flex-shrink-0 mr-3 sticker-unstyled sticker-lg"
                >
                  <span
                    class="sticker-overlay"
                  />
                </span>
                <div
                  class="d-flex flex-column mt-1"
                >
                  <span
                    class="text-3 text-secondary"
                  >
                    contactId
                  </span>
                  <span
                    class="font-weight-semi-bold text-break text-dark"
                    style="word-break: break-all;"
                  >
                    contact-1
                  </span>
                </div>
              </div>
            </div>
          </div>
        </div>
      </div>
    </div>
  </div>
</div>
`;
